exports[`OrderTest: index renders without crashing - initial state with empty geneList 1`] = `
<div>
  <h3
    className="jhCkYx">
    Step 1: Order a Test
  </h3>
  <div
    className="form-group"
    onChange={[Function]}>
    <label
      className="control-label"
      htmlFor={undefined}>
      Select a Disease Panel / Whole Genome Analysis
      <span
        className="jCNiHk">
        Required
      </span>
    </label>
    <br />
    <span
      className="SfhHK help-block" />
  </div>
  <button
    className="iMtXso btn btn-success"
    disabled={false}
    onClick={[Function]}
    type="submit">
    Confirm
  </button>
</div>
`;
