exports[`<ClinicianDetails /> renders correctly 1`] = `
<form>
  <h3
    className="fAmrmf">
    Step 5: Clinician Details
  </h3>
  <div
    className="form-group">
    <label
      className="control-label"
      htmlFor="formControlsTextarea">
      Provider Number 
    </label>
    <input
      className="form-control"
      id="formControlsTextarea"
      name="providerNumber"
      onChange={[Function]}
      type="text" />
  </div>
  <div
    className="form-group">
    <label
      className="control-label"
      htmlFor="formControlsTextarea">
      Medical Specialty 
    </label>
    <input
      className="form-control"
      id="formControlsTextarea"
      name="medicalSpecialty"
      onChange={[Function]}
      type="text" />
  </div>
  <div
    className="form-group">
    <div
      className="row">
      <div
        className="col-md-6">
        <label
          className="control-label"
          htmlFor="formControlsTextarea">
          First Name 
        </label>
        <input
          className="form-control"
          id="formControlsTextarea"
          name="firstName"
          onChange={[Function]}
          type="text" />
      </div>
      <div
        className="col-md-6">
        <label
          className="control-label"
          htmlFor="formControlsTextarea">
          Last Name 
        </label>
        <input
          className="form-control"
          id="formControlsTextarea"
          name="lastName"
          onChange={[Function]}
          type="text" />
      </div>
    </div>
  </div>
  <div
    className="form-group">
    <div
      className="row">
      <div
        className="col-md-12">
        <label
          className="control-label"
          htmlFor="formControlsTextarea">
          Name of organisation, or address of practice 
        </label>
        <input
          className="form-control"
          id="formControlsTextarea"
          name="address"
          onChange={[Function]}
          type="text" />
      </div>
    </div>
  </div>
  <div
    className="form-group">
    <div
      className="row">
      <div
        className="col-md-4">
        <label
          className="control-label"
          htmlFor="formControlsTextarea">
          Phone 
        </label>
        <input
          className="form-control"
          id="formControlsTextarea"
          name="phone"
          onChange={[Function]}
          type="number" />
      </div>
      <div
        className="col-md-4">
        <label
          className="control-label"
          htmlFor="formControlsTextarea">
          Email 
        </label>
        <input
          className="form-control"
          id="formControlsTextarea"
          name="email"
          onChange={[Function]}
          type="email" />
      </div>
      <div
        className="col-md-4">
        <label
          className="control-label"
          htmlFor="formControlsTextarea">
          Fax(optional)
        </label>
        <input
          className="form-control"
          id="formControlsTextarea"
          name="fax"
          onChange={[Function]}
          type="text" />
      </div>
    </div>
  </div>
  <div
    className="form-group">
    <label
      className="control-label"
      htmlFor={undefined}>
      Request a copy of report sent to another HCP
    </label>
     
    <br />
    <div
      className="react-toggle"
      onClick={[Function]}
      onTouchEnd={[Function]}
      onTouchMove={[Function]}
      onTouchStart={[Function]}>
      <div
        className="react-toggle-track">
        <div
          className="react-toggle-track-check">
          <svg
            height="11"
            viewBox="0 0 14 11"
            width="14">
            <title>
              switch-check
            </title>
            <path
              d="M11.264 0L5.26 6.004 2.103 2.847 0 4.95l5.26 5.26 8.108-8.107L11.264 0"
              fill="#fff"
              fillRule="evenodd" />
          </svg>
        </div>
        <div
          className="react-toggle-track-x">
          <svg
            height="10"
            viewBox="0 0 10 10"
            width="10">
            <title>
              switch-x
            </title>
            <path
              d="M9.9 2.12L7.78 0 4.95 2.828 2.12 0 0 2.12l2.83 2.83L0 7.776 2.123 9.9 4.95 7.07 7.78 9.9 9.9 7.776 7.072 4.95 9.9 2.12"
              fill="#fff"
              fillRule="evenodd" />
          </svg>
        </div>
      </div>
      <div
        className="react-toggle-thumb" />
      <input
        className="react-toggle-screenreader-only"
        name="copy"
        onBlur={[Function]}
        onChange={[Function]}
        onFocus={[Function]}
        type="checkbox" />
    </div>
  </div>
  <button
    className="iMtXso btn btn-warning"
    disabled={false}
    onClick={[Function]}
    type="button">
    Back
  </button>
  <button
    className="iMtXso btn btn-success"
    disabled={false}
    onClick={[Function]}
    type="submit">
    Confirm
  </button>
</form>
`;
