exports[`<FamilyMember/> renders without crashing 1`] = `
<div>
  <h3
    className="kiJONz">
    Step 4: Family Members
  </h3>
  <div
    className="form-group"
    onChange={[Function]}>
    <label
      className="control-label"
      htmlFor={undefined}>
      Are there any family members who will also provide samples?
    </label>
    <br />
    <label
      className="radio-inline"
      style={
        Object {
          "marginRight": 8,
        }
      }>
      <input
        defaultChecked={false}
        disabled={false}
        name="optFamily"
        type="radio"
        value="Yes" />
      Yes
    </label>
    <label
      className="radio-inline"
      style={
        Object {
          "marginRight": 8,
        }
      }>
      <input
        defaultChecked={false}
        disabled={false}
        name="optFamily"
        type="radio"
        value="No" />
      No
    </label>
    <span
      className="SfhHK help-block" />
  </div>
  <p
    className="fTucJa" />
  <button
    className="lfojZt"
    label="Back"
    onClick={[Function]}>
    Back
  </button>
  <button
    className="duaYLW"
    onClick={[Function]}
    type="submit">
    Next
  </button>
</div>
`;
