exports[`<FamilyMember/> renders without crashing 1`] = `
<div>
  <h3
    className="jhCkYx">
    Step 4: Add Family Members who will also provide samples
  </h3>
  <div
    className="form-group"
    onChange={[Function]}>
    <label
      className="control-label"
      htmlFor={undefined}>
      Is there any family members who will also provide samples?
    </label>
    <br />
    <div
      className="radio"
      style={undefined}>
      <label>
        <input
          defaultChecked={false}
          disabled={false}
          name="optFamily"
          type="radio"
          value="Yes" />
        Yes
      </label>
    </div>
    <div
      className="radio"
      style={undefined}>
      <label>
        <input
          defaultChecked={false}
          disabled={false}
          name="optFamily"
          type="radio"
          value="No" />
        No
      </label>
    </div>
    <span
      className="SfhHK help-block" />
  </div>
  <button
    className="ieDBA"
    label="Back"
    onClick={[Function]}>
    Back
  </button>
  <button
    className="bBdbjl"
    onClick={[Function]}
    type="submit">
    Confirm
  </button>
</div>
`;
