exports[`Create new ontology page LoginInvoice renders correctly 1`] = `
<div
  className="gZxEPq">
  <div
    className="row">
    <div
      className="col-xs-6 col-xs-offset-3">
      <div
        className="blkGcf">
        <h3
          className="jQRRzI">
          <span
            className="glyphicon glyphicon-glyphicon glyphicon-list-alt" />
           INVOICE
        </h3>
        <form
          className="">
          <div
            className="bfUfcU">
            <div
              className="form-group has-feedback">
              <label
                className="control-label"
                htmlFor={undefined}>
                Last Name
              </label>
              <input
                className="form-control"
                disabled={undefined}
                id={undefined}
                name="lastName"
                onChange={[Function]}
                placeholder="Your Last Name"
                type="text"
                value="" />
              <span
                className="form-control-feedback epmpPI glyphicon glyphicon-glyphicon glyphicon-user" />
              <span
                className="SfhHK help-block" />
            </div>
          </div>
          <div
            className="bfUfcU">
            <div
              className="form-group has-feedback">
              <label
                className="control-label"
                htmlFor={undefined}>
                Phone
              </label>
              <input
                className="form-control"
                disabled={undefined}
                id={undefined}
                name="phone"
                onChange={[Function]}
                placeholder="Your Phone"
                type="text"
                value="" />
              <span
                className="form-control-feedback epmpPI glyphicon glyphicon-glyphicon glyphicon-phone-alt" />
              <span
                className="SfhHK help-block" />
            </div>
          </div>
          <div
            className="jhqAqZ" />
          <button
            className="btTVNa"
            onClick={[Function]}
            type="button">
            View Invoice
          </button>
        </form>
      </div>
    </div>
  </div>
</div>
`;
