exports[`<Footer /> Match Snapshot 1`] = `
<div
  className="noPrint dmZfJj">
  <div
    className="inxpzu">
    <div
      className="row">
      <div
        className="col-md-3">
        <h1
          className="UcpAd">
          Learn More
        </h1>
        <div
          className="fpKqHF">
          <a
            className="jufSRj"
            href="http://genomeone-new.webflow.io/partners">
            Partners
          </a>
          <br />
          <a
            className="jufSRj"
            href="http://genomeone-new.webflow.io/privacy-policy">
            Privacy Policy
          </a>
          <br />
          <a
            className="jufSRj"
            href="http://genomeone-new.webflow.io/resources/careers">
            Careers
          </a>
          <br />
          <a
            className="jufSRj"
            href="http://genomeone-new.webflow.io/about-us">
            About us
          </a>
          <br />
          <a
            className="jufSRj"
            href="http://genomeone-new.webflow.io/news">
            News
          </a>
        </div>
      </div>
      <div
        className="col-md-3">
        <h1
          className="UcpAd">
          Contact Us
        </h1>
        <a
          className="hzPsem"
          href="mailto:enquiries@genome.one?subject=General Inquiry">
          enquiries@genome.one
        </a>
        <div
          className="fpKqHF"
          style={
            Object {
              "color": "#929292",
            }
          }>
          P +61 2 9359 8002
          <br />
          370 Victoria St.
          <br />
          Darlinghurst, NSW 2010,
          <br />
          Australia
          <br />
          <br />
          ACN 608 029 732
        </div>
      </div>
      <div
        className="jlxRBr col-md-6">
        <a
          className="eQcTdK"
          href="http://www.garvan.org.au/">
          <img
            alt="logo"
            className="ijOgES"
            src="test-file-stub"
            style={
              Object {
                "width": 150,
              }
            } />
        </a>
        <a
          className="eQcTdK"
          href="http://www.genome.one/">
          <img
            alt="logo"
            className="ijOgES"
            src="test-file-stub"
            style={
              Object {
                "width": 132,
              }
            } />
        </a>
        <div
          className="dCXArS">
          Genome.One is a wholly owned subsidiary of the Garvan Institute of Medical Research.
        </div>
      </div>
    </div>
  </div>
  <hr
    className="kMeaUb" />
  <div
    className="irWDrC">
    <div
      className="row">
      <div
        className="mXBHO col-md-8">
        COPYRIGHT © 2016 GENOME.ONE. ALL RIGHTS RESERVED
      </div>
      <div
        className="jQzDYo col-md-4">
        <a
          className="feCCVI"
          href="https://www.facebook.com/Genome.One/"
          target="_blank">
          <img
            alt="fb"
            height="23"
            src="https://daks2k3a4ib2z.cloudfront.net/56fb123ccf591b312d55dbb6/5897e8d62a25945021987407_FB-f-Logo__blue_100.png" />
        </a>
        <a
          className="footer-social-link w-inline-block feCCVI"
          href="https://twitter.com/GenomeOneHealth"
          target="_blank">
          <img
            alt="twitter"
            height="35"
            src="https://daks2k3a4ib2z.cloudfront.net/56fb123ccf591b312d55dbb6/5897e87dbfd5fa6c63bc313e_TwitterLogo_%2355acee.png" />
        </a>
      </div>
    </div>
  </div>
</div>
`;
