exports[`<Footer /> Match Snapshot 1`] = `
<div
  className="noPrint bmNkUc">
  <div
    className="fxxkca">
    <div
      className="row">
      <div
        className="col-md-2"
        style={
          Object {
            "marginRight": 25,
          }
        }>
        <h1
          className="dgeqig">
          Learn More
        </h1>
        <div
          className="fRgoNH">
          <a
            className="grUvqh"
            href="http://genomeone-new.webflow.io/privacy-policy">
            Privacy Policy
          </a>
          <a
            className="grUvqh"
            href="http://genomeone-new.webflow.io/resources/careers">
            Careers
          </a>
          <a
            className="grUvqh"
            href="http://genomeone-new.webflow.io/about-us">
            About Us
          </a>
          <a
            className="grUvqh"
            href="http://genomeone-new.webflow.io/news">
            News
          </a>
          <a
            className="grUvqh"
            href="http://genomeone-new.webflow.io/contact-us">
            Contact
          </a>
        </div>
      </div>
      <div
        className="col-md-4">
        <h1
          className="dgeqig">
          Contact Us
        </h1>
        <div
          className="fRgoNH"
          style={
            Object {
              "color": "#929292",
            }
          }>
          <div
            className="kJXHYL">
            370 Victoria St.
          </div>
          <div
            className="kJXHYL">
            Darlinghurst,
          </div>
          <div
            className="kJXHYL">
            NSW 2010, Australia
          </div>
          <div
            className="kJXHYL">
            ACN 608 029 732
          </div>
          <a
            className="hVwlIN"
            href="mailto:enquiries@genome.one?subject=General Inquiry">
            enquiries@genome.one
          </a>
          <a
            className="hVwlIN"
            href="tel:+61293598002">
            +61 2 9359 8002
          </a>
        </div>
      </div>
      <div
        className="jlxRBr col-md-6"
        style={
          Object {
            "marginLeft": -25,
          }
        }>
        <a
          className="buLijZ"
          href="http://www.garvan.org.au/">
          <img
            alt="logo"
            className="ijOgES"
            src="test-file-stub"
            style={
              Object {
                "width": 150,
              }
            } />
        </a>
        <a
          className="buLijZ"
          href="http://www.genome.one/">
          <img
            alt="logo"
            className="ijOgES"
            src="test-file-stub"
            style={
              Object {
                "width": 170,
              }
            } />
        </a>
        <div
          className="dpeMvn">
          Genome.One is a wholly owned subsidiary of the Garvan Institute of Medical Research.
        </div>
      </div>
    </div>
  </div>
  <div
    className="crjzcD">
    <div
      className="row">
      <div
        className="czsMyP col-md-8">
        Copyright © 2017 Genome.One. All Rights Reserved
      </div>
      <div
        className="jQzDYo col-md-4">
        <a
          className="jTDtNq"
          href="https://www.facebook.com/Genome.One/"
          target="_blank">
          <img
            alt="fb"
            height="35"
            src="http://uploads.webflow.com/58ef79e6af69d159faa3bec0/58fe720eca066f71c96775d8_facebook.svg" />
        </a>
        <a
          className="footer-social-link w-inline-block jTDtNq"
          href="https://twitter.com/GenomeOneHealth"
          target="_blank">
          <img
            alt="twitter"
            height="35"
            src="http://uploads.webflow.com/58ef79e6af69d159faa3bec0/58fe721857dd045f17ae2afe_twitter.svg" />
        </a>
        <a
          className="footer-social-link w-inline-block jTDtNq"
          href="https://www.linkedin.com/company/genome.one"
          target="_blank">
          <img
            alt="twitter"
            height="35"
            src="http://uploads.webflow.com/58ef79e6af69d159faa3bec0/58fe7232d89baf2a02258fad_linkedin.svg" />
        </a>
      </div>
    </div>
  </div>
</div>
`;
