exports[`ProgressBar renders without crashing 1`] = `
<div
  style={
    Object {
      "display": "block",
    }
  }>
  <div
    className="bHgOwu">
    <ul
      className="ggxPyW">
      <li
        className="hjLEmf">
        <strong
          className="bnFmTM">
          Select Test
        </strong>
      </li>
      <li
        className="hjLEmf">
        <strong
          className="bnFmTM">
          Patient Details
        </strong>
      </li>
      <li
        className="hjLEmf">
        <strong
          className="bnFmTM">
          Clinical Information
        </strong>
      </li>
      <li
        className="hjLEmf">
        <strong
          className="bnFmTM">
          Family Member
        </strong>
      </li>
      <li
        className="hjLEmf">
        <strong
          className="bnFmTM">
          Clinician Details
        </strong>
      </li>
      <li
        className="hjLEmf">
        <strong
          className="bnFmTM">
          Billing Info
        </strong>
      </li>
      <li
        className="hjLEmf">
        <strong
          className="bnFmTM">
          Summary
        </strong>
      </li>
    </ul>
  </div>
  <div
    className="kWdJSX" />
</div>
`;
