exports[`<UniversalNavigation /> renders correctly 1`] = `
<nav
  className="kypSk navbar navbar-default navbar-fixed-top">
  <div
    className="container">
    <div
      className="container">
      <div
        className="navbar-header">
        <span
          className="navbar-brand">
          <a
            href="/">
            <img
              alt="logo"
              src="test-file-stub"
              style={
                Object {
                  "height": 45,
                  "marginTop": 10,
                  "width": 120,
                }
              } />
          </a>
          <span
            className="hdMxID">
            Test Request App
          </span>
        </span>
        <button
          className="navbar-toggle collapsed"
          onClick={[Function]}
          type="button">
          <span
            className="sr-only">
            Toggle navigation
          </span>
          <span
            className="icon-bar" />
          <span
            className="icon-bar" />
          <span
            className="icon-bar" />
        </button>
      </div>
    </div>
  </div>
</nav>
`;
