exports[`BillingInfoModule test private renders without crashing  1`] = `
<div
  className="cYSRw">
  <h3
    className="iArjKn">
    Private
     billing
    <button
      className="btn btn-link"
      disabled={false}
      onClick={[Function]}
      type="button">
      <span
        className="glyphicon glyphicon-pencil" />
       Edit
    </button>
  </h3>
  <div
    className="dgEelt" />
  <div
    className="row">
    <div
      className="col-md-12">
      <p
        className="cEiVmq">
        <span
          className="bdMjbs">
           Payer:  
        </span>
        abc abc
      </p>
    </div>
    <div
      className="col-md-12">
      <p
        className="cEiVmq">
        <span
          className="bdMjbs">
           Mobile:  
        </span>
        +61412334477
      </p>
    </div>
    <div
      className="col-md-12">
      <p
        className="cEiVmq">
        <span
          className="bdMjbs">
           Email:  
        </span>
      </p>
    </div>
  </div>
</div>
`;
