exports[`FamilyMemberModule test renders without crashing  1`] = `
<div
  className="iKCvIz">
  <h3
    className="iArjKn">
    <div
      className="row">
      <div
        className="col-md-12">
        Family Member (
        ) - 
        abc@abc.com abc@abc.com
      </div>
      <div
        className="col-md-12">
        <button
          className="btn btn-link"
          disabled={false}
          onClick={[Function]}
          type="button">
          <span
            className="glyphicon glyphicon-pencil" />
           Edit
        </button>
        <span
          className="bQxwRk label label-danger">
          Affected
        </span>
      </div>
    </div>
  </h3>
  <div
    className="dgEelt" />
  <div
    className="row">
    <div
      className="col-md-12">
      <h4
        className="hWtWAB">
        Details
      </h4>
    </div>
    <div
      className="col-md-12">
      <p
        className="cEiVmq">
        <span
          className="bdMjbs">
           Date of Birth:  
        </span>
        1918/January/2
      </p>
    </div>
    <div
      className="col-md-12">
      <p
        className="cEiVmq">
        <span
          className="bdMjbs">
           Medical record number:  
        </span>
        abc@abc.com
      </p>
    </div>
    <div
      className="col-md-12">
      <p
        className="cEiVmq">
        <span
          className="bdMjbs">
           Gender:  
        </span>
        Female
      </p>
    </div>
    <div
      className="col-md-12">
      <h4
        className="hWtWAB">
        Clinical Information
      </h4>
    </div>
    <div
      className="col-md-12">
      <span
        className="bdMjbs">
         Clinical note 
      </span>
      <div
        className="gczsYD">
        abc@abc.com
      </div>
    </div>
    <div
      className="col-md-12">
      <span
        className="bdMjbs">
         Relevant investigation note 
      </span>
      <div
        className="gczsYD">
        asdasdasd
      </div>
    </div>
    <div
      className="col-md-12">
      <span
        className="bdMjbs">
         Family history note 
      </span>
      <div
        className="gczsYD">
        asdasdasdasd
      </div>
    </div>
    <div
      className="col-md-12">
      <p
        className="cEiVmq">
        <span
          className="bdMjbs">
           Consanguinity:  
        </span>
        No
      </p>
    </div>
  </div>
</div>
`;
