exports[`OrderTestModule test renders without crashing  1`] = `
<div
  className="iKCvIz">
  <h3
    className="iArjKn">
    Test ordered
    <button
      className="btn btn-link"
      disabled={false}
      onClick={undefined}
      type="button">
      <span
        className="glyphicon glyphicon-pencil" />
       Edit
    </button>
  </h3>
  <div
    className="dgEelt" />
  <div
    className="row">
    <div
      className="col-md-12">
      <p
        className="cEiVmq">
         
        <strong>
          Consequatur adipisci modi laudantium tenetur ea exercitationem id
        </strong>
      </p>
    </div>
    <div
      className="col-md-12">
      <p
        className="cEiVmq"
        style={
          Object {
            "fontWeight": 400,
            "textTransform": "capitalize",
          }
        }>
        complete
         panel - included genes:
        <span
          className="creeDZ label label-default">
          8
        </span>
      </p>
      <div>
        <span
          className="hqFlMa label label-default">
          GZOW
        </span>
        <span
          className="hqFlMa label label-default">
          KIHG
        </span>
        <span
          className="hqFlMa label label-default">
          DRCO
        </span>
        <span
          className="hqFlMa label label-default">
          DWBY
        </span>
        <span
          className="hqFlMa label label-default">
          ZMZY
        </span>
        <span
          className="hqFlMa label label-default">
          BMBP
        </span>
        <span
          className="hqFlMa label label-default">
          OLZO
        </span>
        <span
          className="hqFlMa label label-default">
          PZOA
        </span>
      </div>
    </div>
  </div>
</div>
`;
