exports[`PatientDetailsModule test renders without crashing  1`] = `
<div
  className="iKCvIz">
  <h3
    className="iArjKn">
     Patient - 
    Ngabcuyen abcabc
     
  </h3>
  <div
    className="dgEelt" />
  <div
    className="row">
    <div
      className="col-md-12">
      <h4
        className="hWtWAB">
        Details
        <button
          className="btn btn-link"
          disabled={false}
          onClick={[Function]}
          type="button">
          <span
            className="glyphicon glyphicon-pencil" />
           Edit
        </button>
      </h4>
    </div>
    <div
      className="col-md-12">
      <p
        className="cEiVmq">
        <span
          className="bdMjbs">
           Date of Birth: 
        </span>
        1917/February/1
      </p>
    </div>
    <div
      className="col-md-12">
      <p
        className="cEiVmq">
        <span
          className="bdMjbs">
           Medical record number:  
        </span>
        123123
      </p>
    </div>
    <div
      className="col-md-12">
      <p
        className="cEiVmq">
        <span
          className="bdMjbs">
           Gender:  
        </span>
        Male
      </p>
    </div>
    <div
      className="col-md-12">
      <h4
        className="hWtWAB">
        Clinical Information
        <button
          className="btn btn-link"
          disabled={false}
          onClick={[Function]}
          type="button">
          <span
            className="glyphicon glyphicon-pencil" />
           Edit
        </button>
      </h4>
    </div>
    <div
      className="col-md-12">
      <span
        className="bdMjbs">
         Clinical note 
      </span>
      <div
        className="gczsYD">
        <p
          style={
            Object {
              "borderBottom": "1px solid #ccc",
              "fontWeight": 200,
              "paddingTop": 15,
            }
          } />
      </div>
    </div>
    <div
      className="col-md-12">
      <span
        className="bdMjbs">
         Relevant investigation 
      </span>
      <div
        className="gczsYD">
        <p
          style={
            Object {
              "borderBottom": "1px solid #ccc",
              "fontWeight": 200,
            }
          }>
          asdkfhgasdlfhabsdlfjhalsfdjh
        </p>
      </div>
    </div>
    <div
      className="col-md-12">
      <span
        className="bdMjbs">
         Family history 
      </span>
      <div
        className="gczsYD">
        <p
          style={
            Object {
              "borderBottom": "1px solid #ccc",
              "fontWeight": 200,
            }
          }>
          kasdfbljkbfalhfasvfkjabskldfbkjsdfbkdashfvdjhfhb;kfjv;hfv;fjbafhb;akfd
        </p>
      </div>
    </div>
    <div
      className="col-md-12">
      <span
        className="bdMjbs">
         Attachments 
      </span>
      <div>
        <div
          className="iubaNK">
          <button
            className="jEoofW btn btn-link"
            disabled={false}
            onClick={[Function]}
            style={
              Object {
                "padding": "6px 0",
              }
            }
            type="button">
            <span
              className="glyphicon glyphicon-file" />
             
            aaa
          </button>
        </div>
      </div>
      <br />
    </div>
    <div
      className="col-md-12">
      <p
        className="cEiVmq">
        <span
          className="bdMjbs">
           Consanguinity:  
        </span>
        No
      </p>
    </div>
  </div>
</div>
`;
