exports[`FamilyMemberClinicalInfo: index renders without crashing 1`] = `
<div>
  <h3
    className="hWxLNB">
    Step 4: Family Members
  </h3>
  <h4
    className="cZAycE">
    add
     family member 
     - clinical information
  </h4>
  <div
    className="form-group"
    onChange={[Function]}>
    <br />
    <label
      className="radio-inline"
      style={undefined}>
      <input
        defaultChecked={false}
        disabled={false}
        name="affected"
        type="radio"
        value={true} />
      Affected
    </label>
    <label
      className="radio-inline"
      style={undefined}>
      <input
        defaultChecked={true}
        disabled={false}
        name="affected"
        type="radio"
        value={false} />
      Unaffected
    </label>
    <span
      className="SfhHK help-block" />
  </div>
  <div
    className="form-group has-feedback">
    <label
      className="control-label"
      htmlFor={undefined}>
      Provide Clinical Information
      <span
        className="lnMAUb">
        Optional
      </span>
    </label>
    <div
      className="kWhIoX">
      Type or copy and paste clinical notes and the diagnosis here. Comprehensive notes increase the chance of a successful diagnosis.
    </div>
    <textarea
      className="ebbddk form-control"
      id={undefined}
      name="clinicalInfo"
      onChange={[Function]}
      style={
        Object {
          "minHeight": 90,
        }
      }
      type={undefined}
      value="" />
    <span
      className="SfhHK help-block" />
  </div>
  <div
    className="form-group has-feedback">
    <label
      className="control-label"
      htmlFor={undefined}>
      Provide results from relevant investigations
      <span
        className="lnMAUb">
        Optional
      </span>
    </label>
    <div
      className="kWhIoX">
      Provide notes from genetic tests, imaging results.
    </div>
    <textarea
      className="ebbddk form-control"
      id={undefined}
      name="relevantInvestigation"
      onChange={[Function]}
      style={
        Object {
          "minHeight": 90,
        }
      }
      type={undefined}
      value="" />
    <span
      className="SfhHK help-block" />
  </div>
  <div
    className="form-group">
    <label
      className="control-label"
      htmlFor={undefined}>
      Consanguinity
    </label>
    <br />
    <table>
      <tbody>
        <tr>
          <td>
            <div
              className="react-toggle"
              onClick={[Function]}
              onTouchEnd={[Function]}
              onTouchMove={[Function]}
              onTouchStart={[Function]}>
              <div
                className="react-toggle-track">
                <div
                  className="react-toggle-track-check">
                  <svg
                    height="11"
                    viewBox="0 0 14 11"
                    width="14">
                    <title>
                      switch-check
                    </title>
                    <path
                      d="M11.264 0L5.26 6.004 2.103 2.847 0 4.95l5.26 5.26 8.108-8.107L11.264 0"
                      fill="#fff"
                      fillRule="evenodd" />
                  </svg>
                </div>
                <div
                  className="react-toggle-track-x">
                  <svg
                    height="10"
                    viewBox="0 0 10 10"
                    width="10">
                    <title>
                      switch-x
                    </title>
                    <path
                      d="M9.9 2.12L7.78 0 4.95 2.828 2.12 0 0 2.12l2.83 2.83L0 7.776 2.123 9.9 4.95 7.07 7.78 9.9 9.9 7.776 7.072 4.95 9.9 2.12"
                      fill="#fff"
                      fillRule="evenodd" />
                  </svg>
                </div>
              </div>
              <div
                className="react-toggle-thumb" />
              <input
                checked={false}
                className="react-toggle-screenreader-only"
                name="consanguinity"
                onBlur={[Function]}
                onChange={[Function]}
                onFocus={[Function]}
                type="checkbox" />
            </div>
          </td>
          <td />
        </tr>
      </tbody>
    </table>
    <span
      className="SfhHK help-block" />
  </div>
  <button
    className="ieDBA"
    label="Back"
    onClick={[Function]}>
    Back
  </button>
  <button
    className="bBdbjl"
    onClick={[Function]}
    type="submit">
    Next
  </button>
</div>
`;
