exports[`FamilyMemberClinicalInfo: index renders without crashing 1`] = `
<div>
  <h3
    className="jhCkYx">
    Step 4-2: 
    add
     family member 
     - clinical info
  </h3>
  <div
    className="form-group has-feedback">
    <label
      className="control-label"
      htmlFor={undefined}>
      Provide Clinical Information
      <span
        className="jCNiHk">
        Required
      </span>
    </label>
    <textarea
      className="form-control"
      id={undefined}
      name="clinicalInfo"
      onChange={[Function]}
      placeholder="Type or copy and paste clinical notes here. Comprehensive notes increase the chance of a successful diagnosis."
      style={
        Object {
          "minHeight": 90,
        }
      }
      type={undefined}
      value="" />
    <span
      className="SfhHK help-block" />
  </div>
  <div
    className="form-group">
    <label
      className="control-label"
      htmlFor={undefined}>
      Affected
    </label>
    <br />
    <div
      className="react-toggle"
      onClick={[Function]}
      onTouchEnd={[Function]}
      onTouchMove={[Function]}
      onTouchStart={[Function]}>
      <div
        className="react-toggle-track">
        <div
          className="react-toggle-track-check">
          <svg
            height="11"
            viewBox="0 0 14 11"
            width="14">
            <title>
              switch-check
            </title>
            <path
              d="M11.264 0L5.26 6.004 2.103 2.847 0 4.95l5.26 5.26 8.108-8.107L11.264 0"
              fill="#fff"
              fillRule="evenodd" />
          </svg>
        </div>
        <div
          className="react-toggle-track-x">
          <svg
            height="10"
            viewBox="0 0 10 10"
            width="10">
            <title>
              switch-x
            </title>
            <path
              d="M9.9 2.12L7.78 0 4.95 2.828 2.12 0 0 2.12l2.83 2.83L0 7.776 2.123 9.9 4.95 7.07 7.78 9.9 9.9 7.776 7.072 4.95 9.9 2.12"
              fill="#fff"
              fillRule="evenodd" />
          </svg>
        </div>
      </div>
      <div
        className="react-toggle-thumb" />
      <input
        checked={false}
        className="react-toggle-screenreader-only"
        name="affected"
        onBlur={[Function]}
        onChange={[Function]}
        onFocus={[Function]}
        type="checkbox" />
    </div>
    <span
      className="SfhHK help-block" />
  </div>
  <div
    className="form-group has-feedback">
    <label
      className="control-label"
      htmlFor={undefined}>
      Provide results from relevant investigations
      <span
        className="jCNiHk">
        Optional
      </span>
    </label>
    <textarea
      className="form-control"
      id={undefined}
      name="relevantInvestigation"
      onChange={[Function]}
      placeholder="Provide notes from genetic tests, imaging results."
      style={
        Object {
          "minHeight": 90,
        }
      }
      type={undefined}
      value="" />
    <span
      className="SfhHK help-block" />
  </div>
  <div
    className="form-group has-feedback">
    <label
      className="control-label"
      htmlFor={undefined}>
      Family history
      <span
        className="jCNiHk">
        Optional
      </span>
    </label>
    <textarea
      className="form-control"
      id={undefined}
      name="familyHistory"
      onChange={[Function]}
      placeholder="Provide notes on the suspected inheritance model and affected relatives."
      style={
        Object {
          "minHeight": 90,
        }
      }
      type={undefined}
      value="" />
    <span
      className="SfhHK help-block" />
  </div>
  <div
    className="form-group">
    <label
      className="control-label"
      htmlFor={undefined}>
      Consangunity
    </label>
    <br />
    <div
      className="react-toggle"
      onClick={[Function]}
      onTouchEnd={[Function]}
      onTouchMove={[Function]}
      onTouchStart={[Function]}>
      <div
        className="react-toggle-track">
        <div
          className="react-toggle-track-check">
          <svg
            height="11"
            viewBox="0 0 14 11"
            width="14">
            <title>
              switch-check
            </title>
            <path
              d="M11.264 0L5.26 6.004 2.103 2.847 0 4.95l5.26 5.26 8.108-8.107L11.264 0"
              fill="#fff"
              fillRule="evenodd" />
          </svg>
        </div>
        <div
          className="react-toggle-track-x">
          <svg
            height="10"
            viewBox="0 0 10 10"
            width="10">
            <title>
              switch-x
            </title>
            <path
              d="M9.9 2.12L7.78 0 4.95 2.828 2.12 0 0 2.12l2.83 2.83L0 7.776 2.123 9.9 4.95 7.07 7.78 9.9 9.9 7.776 7.072 4.95 9.9 2.12"
              fill="#fff"
              fillRule="evenodd" />
          </svg>
        </div>
      </div>
      <div
        className="react-toggle-thumb" />
      <input
        checked={false}
        className="react-toggle-screenreader-only"
        name="consangunity"
        onBlur={[Function]}
        onChange={[Function]}
        onFocus={[Function]}
        type="checkbox" />
    </div>
    <span
      className="SfhHK help-block" />
  </div>
  <button
    className="iMtXso btn btn-warning"
    disabled={false}
    label="Back"
    onClick={[Function]}
    type="button">
    Back
  </button>
  <button
    className="iMtXso btn btn-warning"
    disabled={false}
    onClick={[Function]}
    type="button">
    Cancel
  </button>
  <button
    className="iMtXso btn btn-success"
    disabled={false}
    onClick={[Function]}
    type="submit">
    Confirm
  </button>
</div>
`;
