exports[`Confirmation test Confirmation page renders without crashing 1`] = `
<div>
  <div
    className="noPrint dDNXiM">
    <h1
      className="eikxtc">
       Thank you!
    </h1>
    <h4
      className="bpcQEW">
      You can now:
    </h4>
    <div
      className="row">
      <div
        className="col-md-6">
        <button
          className="kDwGLh"
          onClick={[Function]}
          style={
            Object {
              "marginLeft": "20%",
            }
          }>
          Print out form 
          <br />
           for your records
        </button>
      </div>
      <div
        className="col-md-6">
        <button
          className="kDwGLh"
          onClick={[Function]}
          style={
            Object {
              "marginRight": "20%",
            }
          }>
          Print out Blood Collection forms for your patient(s)
        </button>
      </div>
    </div>
    <div
      className="row">
      <div
        className="col-md-6">
        <button
          className="jkcjyt"
          onClick={[Function]}
          style={
            Object {
              "marginLeft": "20%",
            }
          }>
          Go back to Genome.One
        </button>
      </div>
      <div
        className="col-md-6">
        <button
          className="jkcjyt"
          onClick={[Function]}
          style={
            Object {
              "marginRight": "20%",
            }
          }>
          Order new Test
        </button>
      </div>
    </div>
  </div>
  <div
    className="printMe" />
  <div
    className="notification-container notification-container-empty">
    <span />
  </div>
</div>
`;
